; Equipment
; ⛣=Bombs
; ⇈=BOW
; ⛴=Boat
equip=

; Stats
maxarrow=15
maxbomb=9
arrow=0
bomb=0
key=0
time=300
maxhp=6
hp=6

; room count  "X Y"
size=4 4

; One Room should be 13*9
map=
████████████████████████████████████████████████████
█           ██           ██           ██           █
█           ██           ██           ██           █
█           ██           ██           ██           █
█           ██           ██           ██           █
█           ██           ██           ██           █
█           ██           ██           ██           █
█           ██           ██           ██           █
████████████████████████████████████████████████████
███████████████████████████████████████
█           ██           ██           █
█           ██           ██           █
█           ██           ██           █
█           ██           ██           █
█           ██           ██           █
█           ██           ██           █
█           ██           ██           █
███████████████████████████████████████
██████████████████████████
█           ██           █
█           ██           █
█           ██           █
█           ██           █
█           ██           █
█           ██           █
█           ██           █
██████████████████████████
█████████████
█           █
█           █
█           █
█           █
█           █
█           █
█           █
█████████████