; Equipment
; ⛣=Bombs
; ⇈=BOW
; ⛴=Boat
; ⛏=Hammer
equip=

; Stats
maxarrow=20
maxbomb=9
arrow=10
bomb=6
key=0
time=500
maxhp=10
hp=10

; room count  "X Y"
size=5 5

; One Room should be 13*9
map=
█████████████████████████████████████████████████████████████████
█⛆⛆⛆⛆⛆⛆⛆⛆⛆⛆⛆██ ⚶       ⚶ ██♘         ♘██ ▲         ██           █
█⛆ ▲█████▲ ⛆██    ⛆⛆⛆    ██ ⛆ █ ⛋ █ ⛆ ██⛋▲  ⛆⛆⛆  ♘ ██  ⚶⚶⚶⚶⚶ ⛋  █
█ ⛆█  ⛿  █⛆ ██   ⛆   ⛆   ██ ⛆       ⛆ ██♗▲ ⛆   ⛆   ██  ⚶   ⚶    █
█⛆ █     █ ⛆██   ⛆ ⇈ ⛆   ⛫⛫  ⛆  ⛆  ⛆  ██♗▲ ⛆   ⛆   ⛫⛫  ⚶ ⛆ ⚶    █
█ ⛆█⚶⚶⚶⚶⚶█⛆ ██   ⛆   ⛆   ██  ⛆ ⛆ ⛆ ⛆  ██♗▲ ⛆   ⛆   ██  ⚶   ⚶    █
█⛆         ⛆██    ⛆⛆⛆    ██   ⛆   ⛆   ██⛋▲  ⛆⛆⛆  ♘ ██  ⚶⚶⚶⚶⚶ ⛋  █
█ ⛆⚶     ⚶⛆ ██ ⚶       ⚶ ██⚶⚶       ⚶⚶██ ▲         ██           █
██████⛫█████████████████████████⛫████████████⛫███████████████████
██████⛯█████████████████████████⛫████████████⛫███████████████████
█♗         ♗██           ██           ██           ██   ⛆       █
█ ♗ ⛆⛆⛆⛆⛆ ♗ ██    ⛆ ⛆    ██  ⚶  ▲  ⚶  ██ ⛆⛆⛆⛆⛆⛆⛆⛆⛆ ██   ⛆  ♗    █
█   ⛆♗⛆♗⛆   ██   ⛆ ⛆ ⛆   ██     ⛆     ██  ♘⛆   ⛆   ██   ⛆       █
█ █ ♗⛆⛆⛆♗ █ ██  █⛆ ⛆ ⛆█  ⛫⛯  ▲ ⛆⛆⛆ ▲  ⛫⛫ ⛆  ♘⛆♘  ⛆ ⛬⛫   ⛆  █ ⚿ ♗█
█   ⛆⛆⛆⛆⛆   ██  ⛆ ♗⛆♗ ⛆  ██     ⛆     ██   ⛆   ⛆♘  ██   ⛆       █
█   ⛆ ⛆ ⛆   ██   ⛆⛆ ⛆⛆   ██  ⚶  ▲  ⚶  ██ ⛆⛆⛆⛆⛆⛆⛆⛆⛆ ██   ⛆  ♗    █
█           ██           ██           ██           ██   ⛆       █
██████⛫████████████⛼█████████████████████████⛫███████████████████
██████⛯████████████⛫█████████████████████████⛬███████████████████
█   ▲   ▲   ██           ██   ⛆ ♗    ♙██           ██           █
█ ⚶  ▲▲▲  ⚶ ████⛆█⛆█⛆█⛆█ ██ ⛣ ⛆       ██   ♘⛆  ⛆⛆  ██  ▲ ⚶ ⚶ ▲  █
█           ██  ♗   ♘    ██   ⛆    █  ██  ▲ ⛆ ♘    ██     ⛏     █
█████       ⛫⛬  █ █ █ █  ██⛆⛆⛆        ⛫⛼    ⛆   ⚿  ██  ▲ ⚶ ⚶ ▲  █
█  ♙⛆       ██  ♗   ♘    ██     █ ⛆⛆  ██  ▲ ⛆    ♗ ██           █
█ ♙ ⛆     ⚶ ████⛆█⛆█⛆█⛆█ ██♘         ♘██    ⛆♘ ⛆⛆  ██  ▲  ▲  ▲  █
█♙  ⛆       ██⛋♗         ██           ██           ██           █
██████⛼█████████████████████████⛫█████████████████████████⛫██████
██████⛫█████████████████████████⛫█████████████████████████⛫██████
█           ██           ██⛆⛆⛆     ⛆⛆⛆██     ♗     ██           █
█   ⛆   ⛆   ██ ⛆⛆⛆⛆⛆⛆⛆ ⛆⛆██⛆    ⛆    ⛆██  █  ⚶  █♘ ██  ♘ ♘      █
█           ██ ⛆ ⛆ ⛴ ⛆ ⛆⛆██⛆   ▲⛆▲   ⛆██    █ █    ██      █⛆⛆⛆ █
█  ⚶     ⚶  ██ ⛆♗    ⛆♗  ██⛋♙ ⛆⛆⚿⛆⛆ ♙ ⛫⛫  ⚶  █  ⚶  ⛬⛫     █   ♗ █
█    ⛆⛆⛆    ██ ⛆ ⛆⛆⛆⛆⛆⛆⛆ ██⛆   ▲⛆▲   ⛆██    █ █    ██     ⛆♗ ⛆⛆⛆█
█    ▲⚿▲    ██   ⛆       ██⛆    ⛆    ⛆██  █  ⚶  █♘ ██     ⛆ ♗⛆⛋⛋█
█           ██⛆⛆⛆⛆   ⛆⛆⛆⛆██⛆⛆⛆     ⛆⛆⛆██     ♗     ██        ⛆⛋⛋█
███████████████████⛼████████████⛫████████████████████████████████
███████████████████⛯████████████⛫████████████████████████████████
█           ██    ⛆ ⛆    ██⛆⛆⛆     ⛆⛆⛆██ ♗   ⛋   ♗ ██           █
█  ⛋  █  ⛋  ██    ⛆ ⛆    ██⛆⛆⛆⛆   ⛆⛆⛆⛆██⛆⛆⛆⛆⛆⛆⛆⛆⛆⛆⛆██  █     █  █
█           ██⛆⛆⛆⛆⛆ ⛆⛆⛆⛆⛆██ ⛆⛆⛆ ⛆ ⛆⛆⛆ ██           ██           █
█  █  ⛋  █  ⛫⛬           ⛫⛫  ⛆♘ ⛆ ♘⛆⛆ ⛫⛫     █     ⛼⛫     ⛇     █
█           ██⛆⛆⛆⛆⛆ ⛆⛆⛆⛆⛆██    ⛆⛆⛆    ██           ██           █
█  ⛋  █  ⛋  ██    ⛆ ⛆    ██⛆⛆⛆⛆⛆⛆⛆⛆⛆⛆⛆██⛆⛆⛆⛆⛆⛆⛆⛆⛆⛆⛆██  █     █  █
█           ██    ⛆ ⛆    ██⛆⛆⛆ ⚶⚶⚶ ⛆⛆⛆██   ♗ ⛋ ♗   ██           █
█████████████████████████████████████████████████████████████████